12:29:20 **** Auto Build of configuration Debug for project ece315lab4 ****
make pre-build main-build 
a9-linaro-pre-build-step
' '
'Building file: ../src/lab4_main.c'
'Invoking: ARM v7 gcc compiler'
arm-none-eabi-gcc -Wall -O0 -g3 -c -fmessage-length=0 -MT"src/lab4_main.o" -mcpu=cortex-a9 -mfpu=vfpv3 -mfloat-abi=hard -I../../ece315lab4_bsp/ps7_cortexa9_0/include -MMD -MP -MF"src/lab4_main.d" -MT"src/lab4_main.o" -o "src/lab4_main.o" "../src/lab4_main.c"
../src/lab4_main.c: In function '_Task_Motor':
../src/lab4_main.c:406:23: warning: unused variable 'read_motor_parameters_from_queue' [-Wunused-variable]
  decision_parameters *read_motor_parameters_from_queue;
                       ^~~~~~~~~~~~~~~~~~~~~~~~~~~~~~~~
'Finished building: ../src/lab4_main.c'
' '
'Building file: ../src/stepper.c'
'Invoking: ARM v7 gcc compiler'
arm-none-eabi-gcc -Wall -O0 -g3 -c -fmessage-length=0 -MT"src/stepper.o" -mcpu=cortex-a9 -mfpu=vfpv3 -mfloat-abi=hard -I../../ece315lab4_bsp/ps7_cortexa9_0/include -MMD -MP -MF"src/stepper.d" -MT"src/stepper.o" -o "src/stepper.o" "../src/stepper.c"
'Finished building: ../src/stepper.c'
' '
'Building file: ../src/uart_initialize.c'
'Invoking: ARM v7 gcc compiler'
arm-none-eabi-gcc -Wall -O0 -g3 -c -fmessage-length=0 -MT"src/uart_initialize.o" -mcpu=cortex-a9 -mfpu=vfpv3 -mfloat-abi=hard -I../../ece315lab4_bsp/ps7_cortexa9_0/include -MMD -MP -MF"src/uart_initialize.d" -MT"src/uart_initialize.o" -o "src/uart_initialize.o" "../src/uart_initialize.c"
'Finished building: ../src/uart_initialize.c'
' '
'Building target: ece315lab4.elf'
'Invoking: ARM v7 gcc linker'
arm-none-eabi-gcc -mcpu=cortex-a9 -mfpu=vfpv3 -mfloat-abi=hard -Wl,-build-id=none -specs=Xilinx.spec -Wl,-T -Wl,../src/lscript.ld -L../../ece315lab4_bsp/ps7_cortexa9_0/lib -o "ece315lab4.elf"  ./src/lab4_main.o ./src/stepper.o ./src/uart_initialize.o   -lm -Wl,--start-group,-lxil,-lfreertos,-lgcc,-lc,--end-group
'Finished building target: ece315lab4.elf'
' '
'Invoking: ARM v7 Print Size'
arm-none-eabi-size ece315lab4.elf  |tee "ece315lab4.elf.size"
   text	   data	    bss	    dec	    hex	filename
 104724	   3540	  89648	 197912	  30518	ece315lab4.elf
'Finished building: ece315lab4.elf.size'
' '

12:29:22 Build Finished (took 2s.154ms)

