12:24:53 **** Incremental Build of configuration Debug for project ece315lab4 ****
make pre-build main-build 
a9-linaro-pre-build-step
' '
'Building target: ece315lab4.elf'
'Invoking: ARM v7 gcc linker'
arm-none-eabi-gcc -mcpu=cortex-a9 -mfpu=vfpv3 -mfloat-abi=hard -Wl,-build-id=none -specs=Xilinx.spec -Wl,-T -Wl,../src/lscript.ld -L../../ece315lab4_bsp/ps7_cortexa9_0/lib -o "ece315lab4.elf"  ./src/lab4_main.o ./src/stepper.o ./src/uart_initialize.o   -Wl,--start-group,-lxil,-lfreertos,-lgcc,-lc,--end-group
c:/xilinx/sdk/2019.1/gnu/aarch32/nt/gcc-arm-none-eabi/bin/../lib/gcc/arm-none-eabi/8.2.0/../../../../arm-none-eabi/bin/ld.exe: ./src/stepper.o: in function `Stepper_SetupMoveInSteps':
C:\ECE_315\ece315lab4\lab_4_v0\lab_4_v0.sdk\ece315lab4\Debug/../src/stepper.c:112: undefined reference to `sqrt'
c:/xilinx/sdk/2019.1/gnu/aarch32/nt/gcc-arm-none-eabi/bin/../lib/gcc/arm-none-eabi/8.2.0/../../../../arm-none-eabi/bin/ld.exe: C:\ECE_315\ece315lab4\lab_4_v0\lab_4_v0.sdk\ece315lab4\Debug/../src/stepper.c:119: undefined reference to `round'
c:/xilinx/sdk/2019.1/gnu/aarch32/nt/gcc-arm-none-eabi/bin/../lib/gcc/arm-none-eabi/8.2.0/../../../../arm-none-eabi/bin/ld.exe: ./src/stepper.o: in function `Stepper_processMovement':
C:\ECE_315\ece315lab4\lab_4_v0\lab_4_v0.sdk\ece315lab4\Debug/../src/stepper.c:204: undefined reference to `round'
collect2.exe: error: ld returned 1 exit status
make: *** [makefile:41: ece315lab4.elf] Error 1
12:25:14 **** Auto Build of configuration Debug for project ece315lab4 ****
make pre-build main-build 
a9-linaro-pre-build-step
' '
'Building file: ../src/stepper.c'
'Invoking: ARM v7 gcc compiler'
arm-none-eabi-gcc -Wall -O0 -g3 -c -fmessage-length=0 -MT"src/stepper.o" -mcpu=cortex-a9 -mfpu=vfpv3 -mfloat-abi=hard -I../../ece315lab4_bsp/ps7_cortexa9_0/include -MMD -MP -MF"src/stepper.d" -MT"src/stepper.o" -o "src/stepper.o" "../src/stepper.c"
'Finished building: ../src/stepper.c'
' '
'Building target: ece315lab4.elf'
'Invoking: ARM v7 gcc linker'
arm-none-eabi-gcc -mcpu=cortex-a9 -mfpu=vfpv3 -mfloat-abi=hard -Wl,-build-id=none -specs=Xilinx.spec -Wl,-T -Wl,../src/lscript.ld -L../../ece315lab4_bsp/ps7_cortexa9_0/lib -o "ece315lab4.elf"  ./src/lab4_main.o ./src/stepper.o ./src/uart_initialize.o   -Wl,--start-group,-lxil,-lfreertos,-lgcc,-lc,--end-group
c:/xilinx/sdk/2019.1/gnu/aarch32/nt/gcc-arm-none-eabi/bin/../lib/gcc/arm-none-eabi/8.2.0/../../../../arm-none-eabi/bin/ld.exe: ./src/stepper.o: in function `Stepper_SetupMoveInSteps':
C:\ECE_315\ece315lab4\lab_4_v0\lab_4_v0.sdk\ece315lab4\Debug/../src/stepper.c:112: undefined reference to `sqrt'
c:/xilinx/sdk/2019.1/gnu/aarch32/nt/gcc-arm-none-eabi/bin/../lib/gcc/arm-none-eabi/8.2.0/../../../../arm-none-eabi/bin/ld.exe: C:\ECE_315\ece315lab4\lab_4_v0\lab_4_v0.sdk\ece315lab4\Debug/../src/stepper.c:119: undefined reference to `round'
c:/xilinx/sdk/2019.1/gnu/aarch32/nt/gcc-arm-none-eabi/bin/../lib/gcc/arm-none-eabi/8.2.0/../../../../arm-none-eabi/bin/ld.exe: ./src/stepper.o: in function `Stepper_processMovement':
C:\ECE_315\ece315lab4\lab_4_v0\lab_4_v0.sdk\ece315lab4\Debug/../src/stepper.c:204: undefined reference to `round'
collect2.exe: error: ld returned 1 exit status
make: *** [makefile:41: ece315lab4.elf] Error 1
12:29:20 **** Clean-only build of configuration Debug for project ece315lab4 ****
make clean 
rm -rf  ./src/lab4_main.o ./src/stepper.o ./src/uart_initialize.o  ./src/lab4_main.d ./src/stepper.d ./src/uart_initialize.d  ece315lab4.elf.size  ece315lab4.elf
' '
12:29:20 **** Auto Build of configuration Debug for project ece315lab4 ****
make pre-build main-build 
a9-linaro-pre-build-step
' '
'Building file: ../src/lab4_main.c'
'Invoking: ARM v7 gcc compiler'
arm-none-eabi-gcc -Wall -O0 -g3 -c -fmessage-length=0 -MT"src/lab4_main.o" -mcpu=cortex-a9 -mfpu=vfpv3 -mfloat-abi=hard -I../../ece315lab4_bsp/ps7_cortexa9_0/include -MMD -MP -MF"src/lab4_main.d" -MT"src/lab4_main.o" -o "src/lab4_main.o" "../src/lab4_main.c"
../src/lab4_main.c: In function '_Task_Motor':
../src/lab4_main.c:406:23: warning: unused variable 'read_motor_parameters_from_queue' [-Wunused-variable]
  decision_parameters *read_motor_parameters_from_queue;
                       ^~~~~~~~~~~~~~~~~~~~~~~~~~~~~~~~
'Finished building: ../src/lab4_main.c'
' '
'Building file: ../src/stepper.c'
'Invoking: ARM v7 gcc compiler'
arm-none-eabi-gcc -Wall -O0 -g3 -c -fmessage-length=0 -MT"src/stepper.o" -mcpu=cortex-a9 -mfpu=vfpv3 -mfloat-abi=hard -I../../ece315lab4_bsp/ps7_cortexa9_0/include -MMD -MP -MF"src/stepper.d" -MT"src/stepper.o" -o "src/stepper.o" "../src/stepper.c"
'Finished building: ../src/stepper.c'
' '
'Building file: ../src/uart_initialize.c'
'Invoking: ARM v7 gcc compiler'
arm-none-eabi-gcc -Wall -O0 -g3 -c -fmessage-length=0 -MT"src/uart_initialize.o" -mcpu=cortex-a9 -mfpu=vfpv3 -mfloat-abi=hard -I../../ece315lab4_bsp/ps7_cortexa9_0/include -MMD -MP -MF"src/uart_initialize.d" -MT"src/uart_initialize.o" -o "src/uart_initialize.o" "../src/uart_initialize.c"
'Finished building: ../src/uart_initialize.c'
' '
'Building target: ece315lab4.elf'
'Invoking: ARM v7 gcc linker'
arm-none-eabi-gcc -mcpu=cortex-a9 -mfpu=vfpv3 -mfloat-abi=hard -Wl,-build-id=none -specs=Xilinx.spec -Wl,-T -Wl,../src/lscript.ld -L../../ece315lab4_bsp/ps7_cortexa9_0/lib -o "ece315lab4.elf"  ./src/lab4_main.o ./src/stepper.o ./src/uart_initialize.o   -lm -Wl,--start-group,-lxil,-lfreertos,-lgcc,-lc,--end-group
'Finished building target: ece315lab4.elf'
' '
'Invoking: ARM v7 Print Size'
arm-none-eabi-size ece315lab4.elf  |tee "ece315lab4.elf.size"
   text	   data	    bss	    dec	    hex	filename
 104724	   3540	  89648	 197912	  30518	ece315lab4.elf
'Finished building: ece315lab4.elf.size'
' '
15:30:41 **** Auto Build of configuration Debug for project ece315lab4 ****
make pre-build main-build 
a9-linaro-pre-build-step
' '
'Building file: ../src/lab4_main.c'
'Invoking: ARM v7 gcc compiler'
arm-none-eabi-gcc -Wall -O0 -g3 -c -fmessage-length=0 -MT"src/lab4_main.o" -mcpu=cortex-a9 -mfpu=vfpv3 -mfloat-abi=hard -I../../ece315lab4_bsp/ps7_cortexa9_0/include -MMD -MP -MF"src/lab4_main.d" -MT"src/lab4_main.o" -o "src/lab4_main.o" "../src/lab4_main.c"
../src/lab4_main.c: In function '_Task_Motor':
../src/lab4_main.c:412:3: warning: 'read_motor_parameters_from_queue' is used uninitialized in this function [-Wuninitialized]
   xQueueReceive(xQueue_FIFO1, read_motor_parameters_from_queue, 0Ul);
   ^~~~~~~~~~~~~~~~~~~~~~~~~~~~~~~~~~~~~~~~~~~~~~~~~~~~~~~~~~~~~~~~~~
'Finished building: ../src/lab4_main.c'
' '
'Building target: ece315lab4.elf'
'Invoking: ARM v7 gcc linker'
arm-none-eabi-gcc -mcpu=cortex-a9 -mfpu=vfpv3 -mfloat-abi=hard -Wl,-build-id=none -specs=Xilinx.spec -Wl,-T -Wl,../src/lscript.ld -L../../ece315lab4_bsp/ps7_cortexa9_0/lib -o "ece315lab4.elf"  ./src/lab4_main.o ./src/stepper.o ./src/uart_initialize.o   -lm -Wl,--start-group,-lxil,-lfreertos,-lgcc,-lc,--end-group
'Finished building target: ece315lab4.elf'
' '
'Invoking: ARM v7 Print Size'
arm-none-eabi-size ece315lab4.elf  |tee "ece315lab4.elf.size"
   text	   data	    bss	    dec	    hex	filename
 104788	   3540	  89648	 197976	  30558	ece315lab4.elf
'Finished building: ece315lab4.elf.size'
' '
15:53:37 **** Auto Build of configuration Debug for project ece315lab4 ****
make pre-build main-build 
a9-linaro-pre-build-step
' '
'Building file: ../src/lab4_main.c'
'Invoking: ARM v7 gcc compiler'
arm-none-eabi-gcc -Wall -O0 -g3 -c -fmessage-length=0 -MT"src/lab4_main.o" -mcpu=cortex-a9 -mfpu=vfpv3 -mfloat-abi=hard -I../../ece315lab4_bsp/ps7_cortexa9_0/include -MMD -MP -MF"src/lab4_main.d" -MT"src/lab4_main.o" -o "src/lab4_main.o" "../src/lab4_main.c"
'Finished building: ../src/lab4_main.c'
' '
'Building target: ece315lab4.elf'
'Invoking: ARM v7 gcc linker'
arm-none-eabi-gcc -mcpu=cortex-a9 -mfpu=vfpv3 -mfloat-abi=hard -Wl,-build-id=none -specs=Xilinx.spec -Wl,-T -Wl,../src/lscript.ld -L../../ece315lab4_bsp/ps7_cortexa9_0/lib -o "ece315lab4.elf"  ./src/lab4_main.o ./src/stepper.o ./src/uart_initialize.o   -lm -Wl,--start-group,-lxil,-lfreertos,-lgcc,-lc,--end-group
'Finished building target: ece315lab4.elf'
' '
'Invoking: ARM v7 Print Size'
arm-none-eabi-size ece315lab4.elf  |tee "ece315lab4.elf.size"
   text	   data	    bss	    dec	    hex	filename
 104980	   3540	  89648	 198168	  30618	ece315lab4.elf
'Finished building: ece315lab4.elf.size'
' '
15:55:49 **** Incremental Build of configuration Debug for project ece315lab4 ****
make pre-build main-build 
a9-linaro-pre-build-step
' '
make: Nothing to be done for 'main-build'.
15:59:09 **** Auto Build of configuration Debug for project ece315lab4 ****
make pre-build main-build 
a9-linaro-pre-build-step
' '
'Building file: ../src/lab4_main.c'
'Invoking: ARM v7 gcc compiler'
arm-none-eabi-gcc -Wall -O0 -g3 -c -fmessage-length=0 -MT"src/lab4_main.o" -mcpu=cortex-a9 -mfpu=vfpv3 -mfloat-abi=hard -I../../ece315lab4_bsp/ps7_cortexa9_0/include -MMD -MP -MF"src/lab4_main.d" -MT"src/lab4_main.o" -o "src/lab4_main.o" "../src/lab4_main.c"
'Finished building: ../src/lab4_main.c'
' '
'Building target: ece315lab4.elf'
'Invoking: ARM v7 gcc linker'
arm-none-eabi-gcc -mcpu=cortex-a9 -mfpu=vfpv3 -mfloat-abi=hard -Wl,-build-id=none -specs=Xilinx.spec -Wl,-T -Wl,../src/lscript.ld -L../../ece315lab4_bsp/ps7_cortexa9_0/lib -o "ece315lab4.elf"  ./src/lab4_main.o ./src/stepper.o ./src/uart_initialize.o   -lm -Wl,--start-group,-lxil,-lfreertos,-lgcc,-lc,--end-group
'Finished building target: ece315lab4.elf'
' '
'Invoking: ARM v7 Print Size'
arm-none-eabi-size ece315lab4.elf  |tee "ece315lab4.elf.size"
   text	   data	    bss	    dec	    hex	filename
 104980	   3540	  89648	 198168	  30618	ece315lab4.elf
'Finished building: ece315lab4.elf.size'
' '
15:59:29 **** Auto Build of configuration Debug for project ece315lab4 ****
make pre-build main-build 
a9-linaro-pre-build-step
' '
'Building file: ../src/lab4_main.c'
'Invoking: ARM v7 gcc compiler'
arm-none-eabi-gcc -Wall -O0 -g3 -c -fmessage-length=0 -MT"src/lab4_main.o" -mcpu=cortex-a9 -mfpu=vfpv3 -mfloat-abi=hard -I../../ece315lab4_bsp/ps7_cortexa9_0/include -MMD -MP -MF"src/lab4_main.d" -MT"src/lab4_main.o" -o "src/lab4_main.o" "../src/lab4_main.c"
'Finished building: ../src/lab4_main.c'
' '
'Building target: ece315lab4.elf'
'Invoking: ARM v7 gcc linker'
arm-none-eabi-gcc -mcpu=cortex-a9 -mfpu=vfpv3 -mfloat-abi=hard -Wl,-build-id=none -specs=Xilinx.spec -Wl,-T -Wl,../src/lscript.ld -L../../ece315lab4_bsp/ps7_cortexa9_0/lib -o "ece315lab4.elf"  ./src/lab4_main.o ./src/stepper.o ./src/uart_initialize.o   -lm -Wl,--start-group,-lxil,-lfreertos,-lgcc,-lc,--end-group
'Finished building target: ece315lab4.elf'
' '
'Invoking: ARM v7 Print Size'
arm-none-eabi-size ece315lab4.elf  |tee "ece315lab4.elf.size"
   text	   data	    bss	    dec	    hex	filename
 104980	   3540	  89648	 198168	  30618	ece315lab4.elf
'Finished building: ece315lab4.elf.size'
' '
15:59:42 **** Auto Build of configuration Debug for project ece315lab4 ****
make pre-build main-build 
a9-linaro-pre-build-step
' '
'Building file: ../src/lab4_main.c'
'Invoking: ARM v7 gcc compiler'
arm-none-eabi-gcc -Wall -O0 -g3 -c -fmessage-length=0 -MT"src/lab4_main.o" -mcpu=cortex-a9 -mfpu=vfpv3 -mfloat-abi=hard -I../../ece315lab4_bsp/ps7_cortexa9_0/include -MMD -MP -MF"src/lab4_main.d" -MT"src/lab4_main.o" -o "src/lab4_main.o" "../src/lab4_main.c"
'Finished building: ../src/lab4_main.c'
' '
'Building target: ece315lab4.elf'
'Invoking: ARM v7 gcc linker'
arm-none-eabi-gcc -mcpu=cortex-a9 -mfpu=vfpv3 -mfloat-abi=hard -Wl,-build-id=none -specs=Xilinx.spec -Wl,-T -Wl,../src/lscript.ld -L../../ece315lab4_bsp/ps7_cortexa9_0/lib -o "ece315lab4.elf"  ./src/lab4_main.o ./src/stepper.o ./src/uart_initialize.o   -lm -Wl,--start-group,-lxil,-lfreertos,-lgcc,-lc,--end-group
'Finished building target: ece315lab4.elf'
' '
'Invoking: ARM v7 Print Size'
arm-none-eabi-size ece315lab4.elf  |tee "ece315lab4.elf.size"
   text	   data	    bss	    dec	    hex	filename
 104980	   3540	  89648	 198168	  30618	ece315lab4.elf
'Finished building: ece315lab4.elf.size'
' '
15:59:46 **** Auto Build of configuration Debug for project ece315lab4 ****
make pre-build main-build 
a9-linaro-pre-build-step
' '
'Building file: ../src/lab4_main.c'
'Invoking: ARM v7 gcc compiler'
arm-none-eabi-gcc -Wall -O0 -g3 -c -fmessage-length=0 -MT"src/lab4_main.o" -mcpu=cortex-a9 -mfpu=vfpv3 -mfloat-abi=hard -I../../ece315lab4_bsp/ps7_cortexa9_0/include -MMD -MP -MF"src/lab4_main.d" -MT"src/lab4_main.o" -o "src/lab4_main.o" "../src/lab4_main.c"
'Finished building: ../src/lab4_main.c'
' '
'Building target: ece315lab4.elf'
'Invoking: ARM v7 gcc linker'
arm-none-eabi-gcc -mcpu=cortex-a9 -mfpu=vfpv3 -mfloat-abi=hard -Wl,-build-id=none -specs=Xilinx.spec -Wl,-T -Wl,../src/lscript.ld -L../../ece315lab4_bsp/ps7_cortexa9_0/lib -o "ece315lab4.elf"  ./src/lab4_main.o ./src/stepper.o ./src/uart_initialize.o   -lm -Wl,--start-group,-lxil,-lfreertos,-lgcc,-lc,--end-group
'Finished building target: ece315lab4.elf'
' '
'Invoking: ARM v7 Print Size'
arm-none-eabi-size ece315lab4.elf  |tee "ece315lab4.elf.size"
   text	   data	    bss	    dec	    hex	filename
 104980	   3540	  89648	 198168	  30618	ece315lab4.elf
'Finished building: ece315lab4.elf.size'
' '
15:59:50 **** Incremental Build of configuration Debug for project ece315lab4 ****
make pre-build main-build 
a9-linaro-pre-build-step
' '
make: Nothing to be done for 'main-build'.
16:00:00 **** Incremental Build of configuration Debug for project ece315lab4 ****
make pre-build main-build 
a9-linaro-pre-build-step
' '
make: Nothing to be done for 'main-build'.
16:00:21 **** Incremental Build of configuration Debug for project ece315lab4 ****
make pre-build main-build 
a9-linaro-pre-build-step
' '
make: Nothing to be done for 'main-build'.
16:00:51 **** Incremental Build of configuration Debug for project ece315lab4 ****
make pre-build main-build 
a9-linaro-pre-build-step
' '
make: Nothing to be done for 'main-build'.
16:01:20 **** Incremental Build of configuration Debug for project ece315lab4 ****
make pre-build main-build 
a9-linaro-pre-build-step
' '
make: Nothing to be done for 'main-build'.
16:02:15 **** Incremental Build of configuration Debug for project ece315lab4 ****
make pre-build main-build 
a9-linaro-pre-build-step
' '
make: Nothing to be done for 'main-build'.
16:04:24 **** Auto Build of configuration Debug for project ece315lab4 ****
make pre-build main-build 
a9-linaro-pre-build-step
' '
'Building file: ../src/lab4_main.c'
'Invoking: ARM v7 gcc compiler'
arm-none-eabi-gcc -Wall -O0 -g3 -c -fmessage-length=0 -MT"src/lab4_main.o" -mcpu=cortex-a9 -mfpu=vfpv3 -mfloat-abi=hard -I../../ece315lab4_bsp/ps7_cortexa9_0/include -MMD -MP -MF"src/lab4_main.d" -MT"src/lab4_main.o" -o "src/lab4_main.o" "../src/lab4_main.c"
'Finished building: ../src/lab4_main.c'
' '
'Building target: ece315lab4.elf'
'Invoking: ARM v7 gcc linker'
arm-none-eabi-gcc -mcpu=cortex-a9 -mfpu=vfpv3 -mfloat-abi=hard -Wl,-build-id=none -specs=Xilinx.spec -Wl,-T -Wl,../src/lscript.ld -L../../ece315lab4_bsp/ps7_cortexa9_0/lib -o "ece315lab4.elf"  ./src/lab4_main.o ./src/stepper.o ./src/uart_initialize.o   -lm -Wl,--start-group,-lxil,-lfreertos,-lgcc,-lc,--end-group
'Finished building target: ece315lab4.elf'
' '
'Invoking: ARM v7 Print Size'
arm-none-eabi-size ece315lab4.elf  |tee "ece315lab4.elf.size"
   text	   data	    bss	    dec	    hex	filename
 104980	   3540	  89648	 198168	  30618	ece315lab4.elf
'Finished building: ece315lab4.elf.size'
' '
16:04:50 **** Incremental Build of configuration Debug for project ece315lab4 ****
make pre-build main-build 
a9-linaro-pre-build-step
' '
make: Nothing to be done for 'main-build'.
